Renesas Optimizing Linker (W3.05.00 )             04-Nov-2023 22:40:02

*** Options ***

-subcommand=LinkerR5F10Y47_servo.tmp
-MAKEUD="C:\Users\aki\e2_studio\workspace\R5F10Y47_servo\Debug/R5F10Y47_servo_l.ud" 
-device="C:/Users/aki/.eclipse/com.renesas.platform_1435879475/DebugComp/RL78/RL78/Common/DR5F10Y47.DVF" 
-list 
-nooptimize 
-auto_section_layout 
-security_id=00000000000000000000 
-user_opt_byte=FFFFF9 
-ocdbg=05 
-input=".\generate\cstart.obj"
-input=".\src/cg_src\r_cg_cgc.obj"
-input=".\src/cg_src\r_cg_cgc_user.obj"
-input=".\src/cg_src\r_cg_iica.obj"
-input=".\src/cg_src\r_cg_iica_user.obj"
-input=".\src/cg_src\r_cg_main.obj"
-input=".\src/cg_src\r_cg_port.obj"
-input=".\src/cg_src\r_cg_port_user.obj"
-input=".\src/cg_src\r_cg_systeminit.obj"
-input=".\src/cg_src\r_cg_tau.obj"
-input=".\src/cg_src\r_cg_tau_user.obj"
-input=".\src/cg_src\r_cg_wdt.obj"
-input=".\src/cg_src\r_cg_wdt_user.obj"
-library="C:\Program Files (x86)\Renesas\RL78\1_12_1\lib\rl78nm4s99.lib"
-library="C:\Program Files (x86)\Renesas\RL78\1_12_1\lib\rl78nm4r.lib"
-library="C:\Program Files (x86)\Renesas\RL78\1_12_1\lib\malloc_n.lib"
-output="R5F10Y47_servo.abs" 
-debug 
-nocompress 
-memory=high 
-rom=.data=.dataR,.sdata=.sdataR 
-nomessage 
-nologo

*** Error information ***

*** Mapping List ***

SECTION                            START      END         SIZE   ALIGN
.vect
                                  00000000  0000007f        80   0
.const
                                  00000080  000000af        30   2
.constf
                                  00000080  00000080         0   2
.init_array
                                  00000080  00000080         0   2
.sdata
                                  00000080  00000080         0   2
.data
                                  000000b0  000000b2         3   2
.option_byte
                                  000000c0  000000c3         4   1
.security_id
                                  000000c4  000000cd         a   1
.textf
                                  000000c4  000000c4         0   1
.text
                                  000000ce  000006f2       625   1
.RLIB
                                  000006f3  00000be7       4f5   1
.SLIB
                                  00000be8  00000c0f        28   1
.bss
                                  000ffce0  000ffcee         f   2
.dataR
                                  000ffcf0  000ffcf2         3   2
.sbss
                                  000ffe20  000ffe20         0   2
.sdataR
                                  000ffe20  000ffe20         0   2
